  × Class 'b' used before its declaration.
   ╭─[../../tests/cases/compiler/indirectSelfReferenceGeneric/index.ts:3:20]
 3 │ b
   · ─
   ╰────

Advice: 
  ☞ Class 'b' is defined here
   ╭─[../../tests/cases/compiler/indirectSelfReferenceGeneric/index.ts:6:7]
 6 │ b
   · ─
   ╰────

  × 'b' is referenced directly or indirectly in its own base expression.
   ╭─[../../tests/cases/compiler/indirectSelfReferenceGeneric/index.ts:6:1]
 6 │ class b<T> extends a<T> { }
   · ───────────────────────────
   ╰────

  × 'a' is referenced directly or indirectly in its own base expression.
   ╭─[../../tests/cases/compiler/indirectSelfReferenceGeneric/index.ts:3:1]
 3 │ class a<T> extends b<T> { }
   · ───────────────────────────
   ╰────
