  × Function implementation is missing or not immediately following the
  │ declaration.
   ╭─[../../tests/cases/compiler/crashOnMethodSignatures/index.ts:4:3]
 4 │ a
   · ─
   ╰────
