  × Identifier expected.
   ╭─[../../tests/cases/compiler/restArgMissingName/index.ts:3:18]
 3 │ )
   · ─
   ╰────
