  × Argument of type 'string' is not assignable to parameter of type 'number'.
   ╭─[../../tests/compiler/fixTypeParameterInSignatureWithRestParameters/index.ts:4:8]
 4 │ ""
   · ──
   ╰────
