  × Type 'number' is not assignable to type 'string'.
    ╭─[../../tests/compiler/nestedGenerics/index.ts:11:5]
 11 │ t
    · ─
    ╰────
