  × Constructor implementation is missing.
   ╭─[../../tests/cases/compiler/ClassDeclaration11/index.ts:4:4]
 4 │ constructor
   · ───────────
   ╰────
