  × Expected '>'.
   ╭─[../../tests/cases/compiler/jsxMissingGt/index.tsx:1:52]
   ╰────
