  × Type 'string' is not assignable to type 'number'.
   ╭─[../../tests/cases/compiler/inferentialTypingUsingApparentType1/index.ts:9:7]
 9 │ y
   · ─
   ╰────
