  × Type 'B<string>' is not assignable to type 'B<number>'.
    ╭─[../../tests/compiler/overloadGenericFunctionWithRestArgs/index.ts:14:5]
 14 │ b0
    · ──
    ╰────
