  × Argument expression expected.
   ╭─[../../tests/cases/compiler/missingArgument1/index.ts:3:7]
 3 │ ,
   · ─
   ╰────

  × Cannot find name 'foo'.
   ╭─[../../tests/cases/compiler/missingArgument1/index.ts:3:1]
 3 │ foo
   · ───
   ╰────

  × Cannot find name 'a'.
   ╭─[../../tests/cases/compiler/missingArgument1/index.ts:3:5]
 3 │ a
   · ─
   ╰────

  × Cannot find name 'b'.
   ╭─[../../tests/cases/compiler/missingArgument1/index.ts:3:8]
 3 │ b
   · ─
   ╰────
