  × Type 'Position' is not assignable to type 'string'.
    ╭─[../../tests/compiler/externModuleClobber/index.ts:16:5]
 16 │ y
    · ─
    ╰────
