  × Type 'string' is not assignable to type 'number'.
   ╭─[../../tests/cases/compiler/resolveNodeModules0/index.ts:3:5]
 3 │ a
   · ─
   ╰────
