  × Cannot find name 'T'.
    ╭─[../../tests/compiler/baseExpressionTypeParameters/index.ts:12:27]
 12 │ T
    · ─
    ╰────
