  × Block-scoped variable 'id' used before its declaration.
   ╭─[../../tests/cases/compiler/typeGuardNarrowsIndexedAccessOfKnownProperty10/index.ts:9:6]
 9 │ id
   · ──
   ╰────

Advice: 
  ☞ Block-scoped variable 'id' is defined here
    ╭─[../../tests/cases/compiler/typeGuardNarrowsIndexedAccessOfKnownProperty10/index.ts:11:8]
 11 │ id = foo.bar
    · ────────────
    ╰────
