  × Property 'foo' does not exist on type 'typeof A'.
   ╭─[../../tests/compiler/staticInstanceResolution4/index.ts:7:3]
 7 │ foo
   · ───
   ╰────
