  × Function implementation is missing or not immediately following the
  │ declaration.
   ╭─[../../tests/compiler/ClassDeclaration21/index.ts:4:5]
 4 │ 0
   · ─
   ╰────
