  × Generic type 'Foo<T>' requires 1 type argument.
   ╭─[../../tests/compiler/genericTypeUsedWithoutTypeArguments3/index.ts:4:26]
 4 │ Foo
   · ───
   ╰────
