  × Type 'number' is not assignable to type 'Uppercase'.
   ╭─[../../tests/cases/compiler/stringMappingAssignability/index.ts:3:7]
 3 │ x
   · ─
   ╰────

  × Type '{ foo: string; }' is not assignable to type 'Uppercase'.
   ╭─[../../tests/cases/compiler/stringMappingAssignability/index.ts:5:7]
 5 │ y
   · ─
   ╰────
