  × Type '123' is not assignable to type '42'.
   ╭─[../../tests/compiler/literalIntersectionYieldsLiteral/index.ts:4:46]
 4 │ type
   · ────
   ╰────
