  × Property 'y' of type 'string' is not assignable to 'string' index type
  │ 'number'.
   ╭─[../../tests/compiler/classIndexer4/index.ts:9:5]
 9 │ y: string
   · ─────────
   ╰────
