  × Type '"no_dunder"' is not assignable to type '"__dunder"'.
   ╭─[../../tests/compiler/doubleUnderStringLiteralAssignability/index.ts:4:5]
 4 │ bad
   · ───
   ╰────
