  × Cannot find name 'a'.
   ╭─[../../tests/compiler/conditionalExpressionNewLine1/index.ts:1:9]
 1 │ a
   · ─
   ╰────

  × Cannot find name 'b'.
   ╭─[../../tests/compiler/conditionalExpressionNewLine1/index.ts:1:13]
 1 │ b
   · ─
   ╰────

  × Cannot find name 'c'.
   ╭─[../../tests/compiler/conditionalExpressionNewLine1/index.ts:1:17]
 1 │ c
   · ─
   ╰────
