  × Enum member must have initializer.
    ╭─[../../tests/compiler/enumWithoutInitializerAfterComputedMember/index.ts:13:5]
 13 │ d
    · ─
    ╰────
