  × A 'break' statement can only be used within an enclosing iteration or
  │ switch statement.
   ╭─[../../tests/cases/compiler/breakNotInIterationOrSwitchStatement1/index.ts:3:1]
 3 │ break;
   · ──────
   ╰────
