  × This overload signature is not compatible with its implementation
  │ signature.
   ╭─[../../tests/cases/compiler/functionOverloads18/index.ts:3:10]
 3 │ foo
   · ───
   ╰────
