  × Cannot find name 'A'.
   ╭─[../../tests/compiler/assignToModule/index.ts:4:1]
 4 │ A
   · ─
   ╰────

Advice: 
  ☞ Cannot use namespace as a value.
   ╭─[../../tests/compiler/assignToModule/index.ts:3:8]
 3 │ A
   · ─
   ╰────
