  × Type 'string' is not assignable to type 'number'.
   ╭─[../../tests/cases/compiler/contextualTyping30/index.ts:3:41]
 3 │ "a"
   · ───
   ╰────
