  × No overload matches this call.
   ╭─[../../tests/cases/compiler/excessPropertiesInOverloads/index.ts:5:1]
 3 │ fn(a: { x: string }): void;
   · ─┬
   ·  ╰── Unmatched call.
 4 │ declare function fn(a: { y: string }): void;
   ·                  ─┬
   ·                   ╰── Unmatched call.
 5 │ fn({ z: 3, a: 3 })
   · ──────────────────
   ╰────
