  × Type '[]' cannot be used as an index type.
   ╭─[../../tests/compiler/anyIndexedAccessArrayNoException/index.ts:3:12]
 3 │ []
   · ──
   ╰────
