  × Accessibility modifier already seen.
   ╭─[../../tests/compiler/constructorArgsErrors4/index.ts:4:26]
 4 │ public
   · ──────
   ╰────
