  × Generic type 'A<T>' requires 1 type argument.
   ╭─[../../tests/cases/compiler/genericGetter2/index.ts:7:14]
 7 │ A
   · ─
   ╰────
