  × Property 'toString' does not exist on type 'T'.
   ╭─[../../tests/cases/compiler/genericUnboundedTypeParamAssignability/index.ts:6:5]
 6 │ toString
   · ────────
   ╰────

  × Argument of type 'T' is not assignable to parameter of type '{ }'.
    ╭─[../../tests/cases/compiler/genericUnboundedTypeParamAssignability/index.ts:20:6]
 20 │ t
    · ─
    ╰────

  × Argument of type 'T' is not assignable to parameter of type 'Record'.
    ╭─[../../tests/cases/compiler/genericUnboundedTypeParamAssignability/index.ts:22:6]
 22 │ t
    · ─
    ╰────

  × Property 'toString' does not exist on type 'T'.
    ╭─[../../tests/cases/compiler/genericUnboundedTypeParamAssignability/index.ts:24:5]
 24 │ toString
    · ────────
    ╰────
